
> vue3-vant-mobile@3.9.1 build:dev G:\lyp\fin
> vue-tsc --noEmit && vite build --mode development

[36mvite v6.3.2 [32mbuilding for development...[36m[39m
transforming...
[32m鉁?[39m 69 modules transformed.

PWA v1.0.0
mode      generateSW
precache  5 entries (0.00 KiB)
files generated
  dist/sw.js
  dist/workbox-86c9b217.js
node.exe : warnings
所在位置 C:\Users\DELL\AppData\Roaming\npm\pnpm.ps1:24 字符: 
5
+     & "node$exe"  "$basedir/node_modules/pnpm/bin/pnp
m.cjs" $args
+     ~~~~~~~~~~~~~~~~~~~~~~~~~~~~~~~~~~~~~~~~~~~~~~~~~
~~~~~~~~~~~~
    + CategoryInfo          : NotSpecified: (warnings: 
   String) [], RemoteException
    + FullyQualifiedErrorId : NativeCommandError
 
  One of the glob patterns doesn't match any files. Ple
ase remove or fix the following: {
  "globDirectory": "G:\\lyp\\fin\\dist",
  "globPattern": "**/*.{js,wasm,css,html}",
  "globIgnores": [
    "**/node_modules/**/*",
    "sw.js",
    "workbox-*.js"
  ]
}

[31m鉁?[39m Build failed in 8.00s
[31merror during build:
[31m[vite-plugin-pwa:build] There was an error during 
the build:
  [plugin vite:vue] src/pages/examine/index.vue: At lea
st one <template> or <script> is required in a single f
ile component. G:/lyp/fin/src/pages/examine/index.vue
Additionally, handling the error in the 'buildEnd' hook
 caused the following error:
  [plugin vite:vue] src/pages/examine/index.vue: At lea
st one <template> or <script> is required in a single f
ile component. G:/lyp/fin/src/pages/examine/index.vue[
31m
file: [36mG:/lyp/fin/src/pages/examine/index.vue[31m
    at getRollupError (file:///G:/lyp/fin/node_modules/
.pnpm/rollup@4.40.0/node_modules/rollup/dist/es/shared/
parseAst.js:397:41)
    at file:///G:/lyp/fin/node_modules/.pnpm/rollup@4.4
0.0/node_modules/rollup/dist/es/shared/node-entry.js:23
076:39
    at async catchUnfinishedHookActions (file:///G:/lyp
/fin/node_modules/.pnpm/rollup@4.40.0/node_modules/roll
up/dist/es/shared/node-entry.js:22540:16)
    at async rollupInternal (file:///G:/lyp/fin/node_mo
dules/.pnpm/rollup@4.40.0/node_modules/rollup/dist/es/s
hared/node-entry.js:23059:5)
    at async buildEnvironment (file:///G:/lyp/fin/node_
modules/.pnpm/vite@6.3.2_@types+node@22.1_7714f98f7bb41
70a0b0109eac2ead29a/node_modules/vite/dist/node/chunks/
dep-DG3BLbPj.js:46139:14)
    at async Object.defaultBuildApp [as buildApp] (file
:///G:/lyp/fin/node_modules/.pnpm/vite@6.3.2_@types+nod
e@22.1_7714f98f7bb4170a0b0109eac2ead29a/node_modules/vi
te/dist/node/chunks/dep-DG3BLbPj.js:46617:5)
    at async CAC.<anonymous> (file:///G:/lyp/fin/node_m
odules/.pnpm/vite@6.3.2_@types+node@22.1_7714f98f7bb417
0a0b0109eac2ead29a/node_modules/vite/dist/node/cli.js:8
63:7)[39m
鈥塃LIFECYCLE鈥?Command failed with exit code 1.
